// Jest Snapshot v1, https://goo.gl/fbAQLP

exports[`render: first 1`] = `
"Раѓ
РћїРћђРћђРћђРћђРћђРћђРћђРћђРћђРћђРћђРћђРћђРћђРћђРћђРћђРћђРћђРћђРћђРћђРћђРћђРћђРћђРћђРћђРћђРћђРћђРћђРћђРћђРћђРћђРћђРћђРћђРћђРћђРћђРћђРћђРћђРћђРћђРћђРћђРћђРћђРћђРћђРћђРћђРћђРћђРћђРћђРћђРћђРћђРћђРћђРћђРћђРћђРћђРћђРћђРћђРћђРћђРћђРћђРћђРћђРћђРћђРћђРћђРћђРћђРћђРћђРћђРћђРћђРћђРћђРћђРћђРћђРћђРћђРћђРћђРћђРћљ
Рћѓrs: 0                                                                                             Рћѓ
Рћѓex: 0                                                                                             Рћѓ
Рћѓhp: 0/0                                                                                           Рћѓ
РћћРћђРћђРћђРћђРћђРћђРћђРћђРћђРћђРћђРћђРћђРћђРћђРћђРћђРћђРћђРћђРћђРћђРћђРћђРћђРћђРћђРћђРћђРћђРћђРћђРћђРћђРћђРћђРћђРћђРћђРћђРћђРћђРћђРћђРћђРћђРћђРћђРћђРћђРћђРћђРћђРћђРћђРћђРћђРћђРћђРћђРћђРћђРћђРћђРћђРћђРћђРћђРћђРћђРћђРћђРћђРћђРћђРћђРћђРћђРћђРћђРћђРћђРћђРћђРћђРћђРћђРћђРћђРћђРћђРћђРћђРћђРћђРћђРћђРћђРћў
РћїРћљ 1604934000                                                                                  [90m09[39m  [90mРќЈ[39m
РћѓРћѓ c0c0c                                                                                       [90maz[39m  [90mРќЈ[39m
РћѓРћѓ necnmxwazwvzxrou                                                                            [90mAB[39m  [90mРќЈ[39m
РћѓРћѓ OCBOD98A08609QP4                                                                            [90m0z[39m  [90mРќЈ[39m
РћѓРћѓ 1011111101010010101100101110000                                                             [90m0Z[39m  [90mРќЈ[39m
РћѓРћѓ 1133222111211300                                                                            [90ma.[39m  [90mРќЈ[39m
РћѓРћѓ 13752254560                                                                                 [90m0x[39m  [90mРќЈ[39m
РћѓРћѓ 5fa95970                                                                                    [90m01[39m  [90mРќЈ[39m
РћѓРћѓ qjjb00                                                                                      [90ms*[39m  [90mРќЈ[39m
РћѓРћѓ 20380119031408:542549648                                                                    [90m-+[39m  [90mРќЈ[39m
РћћРћў                                                                                             [90m++[39m  [90mРќЈ[39m
 0
 1
 2
 3
 4
 5
 6
0.000"
`;
